---
source: tests/contracts/ai_contracts.rs
assertion_line: 133
expression: response
---
{
  "id": "msg_550e8400-e29b-41d4-a716-446655440001",
  "role": "assistant",
  "content": "To implement authentication in Rust, you have several options...",
  "token_count": 150,
  "created_at": "2024-01-15T12:00:00Z"
}
